node.exe : 
[2m[WebServer] [22m
[31m[1mΓ¿»[22m[39
m Failed to start 
server
At C:\Users\abhis\App
Data\Roaming\npm\npx.
ps1:24 char:5
+     & "node$exe"  "
$basedir/node_modules
/npm/bin/npx-cli.js" 
$args
+     ~~~~~~~~~~~~~~~
~~~~~~~~~~~~~~~~~~~~~
~~~~~~~~~~~~~~~~~~~~~
~~~~~
    + CategoryInfo   
           : NotSpe  
  cified: ([2m[We   
 bServer]...to st    
art server:Strin    
g) [], RemoteExc    
eption
    + FullyQualified 
   ErrorId : Native  
  CommandError
 
[2m[WebServer] 
[22mError: listen 
EADDRINUSE: address 
already in use 
:::3000
[2m[WebServer] 
[22m    at 
<unknown> (Error: 
listen EADDRINUSE: 
address already in 
use :::3000)
[2m[WebServer] 
[22m    at new 
Promise 
(<anonymous>) {
[2m[WebServer] 
[22m  code: [32m'EA
DDRINUSE'[39m,
[2m[WebServer] 
[22m  errno: 
[33m-4091[39m,
[2m[WebServer] 
[22m  syscall: 
[32m'listen'[39m,
[2m[WebServer] 
[22m  address: 
[32m'::'[39m,
[2m[WebServer] 
[22m  port: 
[33m3000[39m
[2m[WebServer] 
[22m}
Error: Process from config.webServer was not able to start. Exit code: 1

